[2026-04-15T16:49:36.663Z] [INFO ] ══════════════════════════════════════════════════
[2026-04-15T16:49:36.665Z] [INFO ]   TERA Curador Reforma v2  —  Início de execução 
[2026-04-15T16:49:36.665Z] [INFO ] ══════════════════════════════════════════════════
[2026-04-15T16:49:36.724Z] [INFO ] Data verificação (BRT): 15/04/2026
[2026-04-15T16:49:36.724Z] [INFO ] Data execução    (BRT): 15/04/2026 13:49:36
[2026-04-15T16:49:36.725Z] [INFO ] [CT-e] Iniciando coleta
[2026-04-15T16:49:37.539Z] [INFO ] [CT-e] 0 item(ns) do dia
[2026-04-15T16:49:37.539Z] [INFO ] [1/7] CT-e Informes — 0 item(ns)
[2026-04-15T16:49:37.539Z] [INFO ]    ⏳ 2500ms...
[2026-04-15T16:49:40.043Z] [INFO ] [NF-e] Iniciando coleta (NTs + Informes Técnicos)
[2026-04-15T16:49:49.822Z] [WARN ] [NF-e] Tentativa 1 falhou (https://www.nfe.fazenda.gov.br/portal/listaConteudo.aspx?tipoConteudo=04BIflQt1aY=): Maximum number of redirects exceeded. Retentando...
[2026-04-15T16:50:00.435Z] [ERROR] [NF-e][nota técnica] Erro: Maximum number of redirects exceeded
[2026-04-15T16:50:00.436Z] [INFO ] [NF-e][nota técnica] 0 item(ns) do dia
[2026-04-15T16:50:09.003Z] [WARN ] [NF-e] Tentativa 1 falhou (https://www.nfe.fazenda.gov.br/portal/listaConteudo.aspx?tipoConteudo=hXzemuyNHW4=): Maximum number of redirects exceeded. Retentando...
[2026-04-15T16:50:18.766Z] [ERROR] [NF-e][informe técnico] Erro: Maximum number of redirects exceeded
[2026-04-15T16:50:18.767Z] [INFO ] [NF-e][informe técnico] 0 item(ns) do dia
[2026-04-15T16:50:18.767Z] [INFO ] [2/7] Portal NF-e — 0 item(ns)
[2026-04-15T16:50:18.767Z] [INFO ]    ⏳ 2500ms...
[2026-04-15T16:50:21.270Z] [INFO ] [CGIBS] Iniciando coleta via Puppeteer
[2026-04-15T16:50:21.271Z] [ERROR] [CGIBS] puppeteer não instalado: Cannot find module 'puppeteer'
Require stack:
- /home/runner/work/TERA-LEI/TERA-LEI/curador-reforma/src/parsers/cgibs.js
- /home/runner/work/TERA-LEI/TERA-LEI/curador-reforma/curador-reforma.js
[2026-04-15T16:50:21.271Z] [WARN ] [3/7] CGIBS — ERRO: puppeteer não instalado
[2026-04-15T16:50:21.271Z] [INFO ]    ⏳ 2500ms...
[2026-04-15T16:50:23.773Z] [INFO ] [MDF-e] Iniciando coleta
[2026-04-15T16:50:28.634Z] [INFO ] [MDF-e] 0 item(ns) do dia
[2026-04-15T16:50:28.634Z] [INFO ] [4/7] Portal MDF-e — 0 item(ns)
[2026-04-15T16:50:28.634Z] [INFO ]    ⏳ 2500ms...
[2026-04-15T16:50:31.137Z] [INFO ] [NF-ABI] Iniciando coleta
[2026-04-15T16:50:31.308Z] [INFO ] [NF-ABI] 2 item(ns) do dia
[2026-04-15T16:50:31.308Z] [INFO ] [5/7] Portal NF-ABI — 2 item(ns)
[2026-04-15T16:50:31.308Z] [INFO ]    ⏳ 2500ms...
[2026-04-15T16:50:33.810Z] [INFO ] [BP-e] Iniciando coleta
[2026-04-15T16:50:34.322Z] [INFO ] [BP-e] 0 item(ns) do dia
[2026-04-15T16:50:34.323Z] [INFO ] [6/7] Portal BP-e — 0 item(ns)
[2026-04-15T16:50:34.323Z] [INFO ]    ⏳ 2500ms...
[2026-04-15T16:50:36.823Z] [INFO ] [NFS-e RTC] Iniciando coleta
[2026-04-15T16:50:44.249Z] [INFO ] [NFS-e RTC] 0 item(ns) do dia
[2026-04-15T16:50:44.249Z] [INFO ] [7/7] NFS-e RTC — 0 item(ns)
[2026-04-15T16:50:44.249Z] [INFO ] Resolvendo links diretos dos documentos...
[2026-04-15T16:50:44.835Z] [WARN ] [linkResolver] Nenhum link direto encontrado em: https://dfe-portal.svrs.rs.gov.br/Nfabi/Documentos
[2026-04-15T16:50:44.986Z] [WARN ] [linkResolver] Nenhum link direto encontrado em: https://dfe-portal.svrs.rs.gov.br/Nfabi/Documentos
[2026-04-15T16:50:44.986Z] [INFO ] [linkResolver] 0 resolvido(s) · 2 fallback(s) para lista
[2026-04-15T16:50:44.987Z] [INFO ] JSON salvo: /home/runner/work/TERA-LEI/TERA-LEI/curador-reforma/data/reforma_curadoria.json
[2026-04-15T16:50:44.987Z] [INFO ] 2 item(ns) → pendente-publicacao/curadoria_15-04-2026.json
[2026-04-15T16:50:44.987Z] [INFO ] Enviando notificação Telegram...
[2026-04-15T16:50:44.987Z] [INFO ] [Telegram] Enviando 1 parte(s) para chat_id 1004062605…
[2026-04-15T16:50:45.444Z] [INFO ] [Telegram] Mensagem enviada (id: 4)
[2026-04-15T16:50:45.444Z] [INFO ] ══════════════════════════════════════════════════
[2026-04-15T16:50:45.444Z] [INFO ]   Concluído: 2 item(ns) · 1/7 portais · 1 erro(s)
[2026-04-15T16:50:45.444Z] [INFO ] ══════════════════════════════════════════════════
[2026-04-15T17:01:29.677Z] [INFO ] ══════════════════════════════════════════════════
[2026-04-15T17:01:29.679Z] [INFO ]   TERA Curador Reforma v2  —  Início de execução 
[2026-04-15T17:01:29.679Z] [INFO ] ══════════════════════════════════════════════════
[2026-04-15T17:01:29.759Z] [INFO ] Data verificação (BRT): 15/04/2026
[2026-04-15T17:01:29.759Z] [INFO ] Data execução    (BRT): 15/04/2026 14:01:29
[2026-04-15T17:01:29.760Z] [INFO ] [CT-e] Iniciando coleta
[2026-04-15T17:01:30.690Z] [INFO ] [CT-e] 0 item(ns) do dia
[2026-04-15T17:01:30.690Z] [INFO ] [1/7] CT-e Informes — 0 item(ns)
[2026-04-15T17:01:30.690Z] [INFO ]    ⏳ 2500ms...
[2026-04-15T17:01:33.194Z] [INFO ] [NF-e] Iniciando coleta (NTs + Informes Técnicos)
[2026-04-15T17:01:34.463Z] [INFO ] [NF-e][nota técnica] 0 item(ns) do dia
[2026-04-15T17:01:34.767Z] [INFO ] [NF-e][informe técnico] 0 item(ns) do dia
[2026-04-15T17:01:34.767Z] [INFO ] [2/7] Portal NF-e — 0 item(ns)
[2026-04-15T17:01:34.767Z] [INFO ]    ⏳ 2500ms...
[2026-04-15T17:01:37.270Z] [INFO ] [CGIBS] Iniciando coleta via RSS
[2026-04-15T17:01:37.647Z] [ERROR] [CGIBS] Erro: read ECONNRESET
[2026-04-15T17:01:37.647Z] [WARN ] [3/7] CGIBS — ERRO: read ECONNRESET
[2026-04-15T17:01:37.648Z] [INFO ]    ⏳ 2500ms...
[2026-04-15T17:01:40.149Z] [INFO ] [MDF-e] Iniciando coleta
[2026-04-15T17:01:44.829Z] [INFO ] [MDF-e] 0 item(ns) do dia
[2026-04-15T17:01:44.829Z] [INFO ] [4/7] Portal MDF-e — 0 item(ns)
[2026-04-15T17:01:44.829Z] [INFO ]    ⏳ 2500ms...
[2026-04-15T17:01:47.332Z] [INFO ] [NF-ABI] Iniciando coleta
[2026-04-15T17:01:47.502Z] [INFO ] [NF-ABI] 2 item(ns) do dia
[2026-04-15T17:01:47.502Z] [INFO ] [5/7] Portal NF-ABI — 2 item(ns)
[2026-04-15T17:01:47.502Z] [INFO ]    ⏳ 2500ms...
[2026-04-15T17:01:50.003Z] [INFO ] [BP-e] Iniciando coleta
[2026-04-15T17:01:50.510Z] [INFO ] [BP-e] 0 item(ns) do dia
[2026-04-15T17:01:50.510Z] [INFO ] [6/7] Portal BP-e — 0 item(ns)
[2026-04-15T17:01:50.510Z] [INFO ]    ⏳ 2500ms...
[2026-04-15T17:01:53.010Z] [INFO ] [NFS-e RTC] Iniciando coleta
[2026-04-15T17:02:00.014Z] [INFO ] [NFS-e RTC] 0 item(ns) do dia
[2026-04-15T17:02:00.014Z] [INFO ] [7/7] NFS-e RTC — 0 item(ns)
[2026-04-15T17:02:00.014Z] [INFO ] Resolvendo links diretos dos documentos...
[2026-04-15T17:02:00.727Z] [WARN ] [linkResolver] Nenhum link direto encontrado em: https://dfe-portal.svrs.rs.gov.br/Nfabi/Documentos
[2026-04-15T17:02:00.877Z] [WARN ] [linkResolver] Nenhum link direto encontrado em: https://dfe-portal.svrs.rs.gov.br/Nfabi/Documentos
[2026-04-15T17:02:00.877Z] [INFO ] [linkResolver] 0 resolvido(s) · 2 fallback(s) para lista
[2026-04-15T17:02:00.877Z] [INFO ] JSON salvo: /home/runner/work/TERA-LEI/TERA-LEI/curador-reforma/data/reforma_curadoria.json
[2026-04-15T17:02:00.878Z] [INFO ] 2 item(ns) → pendente-publicacao/curadoria_15-04-2026.json
[2026-04-15T17:02:00.878Z] [INFO ] Enviando notificação Telegram...
[2026-04-15T17:02:00.878Z] [INFO ] [Telegram] Enviando 1 parte(s) para chat_id 1004062605…
[2026-04-15T17:02:01.379Z] [INFO ] [Telegram] Mensagem enviada (id: 5)
[2026-04-15T17:02:01.379Z] [INFO ] ══════════════════════════════════════════════════
[2026-04-15T17:02:01.379Z] [INFO ]   Concluído: 2 item(ns) · 1/7 portais · 1 erro(s)
[2026-04-15T17:02:01.379Z] [INFO ] ══════════════════════════════════════════════════
[2026-04-15T17:04:32.208Z] [INFO ] ══════════════════════════════════════════════════
[2026-04-15T17:04:32.210Z] [INFO ]   TERA Curador Reforma v2  —  Início de execução 
[2026-04-15T17:04:32.210Z] [INFO ] ══════════════════════════════════════════════════
[2026-04-15T17:04:32.231Z] [INFO ] Data verificação (BRT): 15/04/2026
[2026-04-15T17:04:32.231Z] [INFO ] Data execução    (BRT): 15/04/2026 14:04:32
[2026-04-15T17:04:32.232Z] [INFO ] [CT-e] Iniciando coleta
[2026-04-15T17:04:33.283Z] [INFO ] [CT-e] 0 item(ns) do dia
[2026-04-15T17:04:33.283Z] [INFO ] [1/7] CT-e Informes — 0 item(ns)
[2026-04-15T17:04:33.283Z] [INFO ]    ⏳ 2500ms...
[2026-04-15T17:04:35.787Z] [INFO ] [NF-e] Iniciando coleta (NTs + Informes Técnicos)
[2026-04-15T17:04:37.138Z] [INFO ] [NF-e][nota técnica] 0 item(ns) do dia
[2026-04-15T17:04:37.442Z] [INFO ] [NF-e][informe técnico] 0 item(ns) do dia
[2026-04-15T17:04:37.442Z] [INFO ] [2/7] Portal NF-e — 0 item(ns)
[2026-04-15T17:04:37.442Z] [INFO ]    ⏳ 2500ms...
[2026-04-15T17:04:39.945Z] [INFO ] [CGIBS] Iniciando coleta via RSS
[2026-04-15T17:04:40.315Z] [ERROR] [CGIBS] Erro: read ECONNRESET
[2026-04-15T17:04:40.315Z] [WARN ] [3/7] CGIBS — ERRO: read ECONNRESET
[2026-04-15T17:04:40.316Z] [INFO ]    ⏳ 2500ms...
[2026-04-15T17:04:42.817Z] [INFO ] [MDF-e] Iniciando coleta
[2026-04-15T17:04:47.342Z] [INFO ] [MDF-e] 0 item(ns) do dia
[2026-04-15T17:04:47.342Z] [INFO ] [4/7] Portal MDF-e — 0 item(ns)
[2026-04-15T17:04:47.342Z] [INFO ]    ⏳ 2500ms...
[2026-04-15T17:04:49.846Z] [INFO ] [NF-ABI] Iniciando coleta
[2026-04-15T17:04:50.007Z] [INFO ] [NF-ABI] 2 item(ns) do dia
[2026-04-15T17:04:50.007Z] [INFO ] [5/7] Portal NF-ABI — 2 item(ns)
[2026-04-15T17:04:50.008Z] [INFO ]    ⏳ 2500ms...
[2026-04-15T17:04:52.509Z] [INFO ] [BP-e] Iniciando coleta
[2026-04-15T17:04:53.024Z] [INFO ] [BP-e] 0 item(ns) do dia
[2026-04-15T17:04:53.024Z] [INFO ] [6/7] Portal BP-e — 0 item(ns)
[2026-04-15T17:04:53.025Z] [INFO ]    ⏳ 2500ms...
[2026-04-15T17:04:55.526Z] [INFO ] [NFS-e RTC] Iniciando coleta
[2026-04-15T17:05:02.386Z] [INFO ] [NFS-e RTC] 0 item(ns) do dia
[2026-04-15T17:05:02.386Z] [INFO ] [7/7] NFS-e RTC — 0 item(ns)
[2026-04-15T17:05:02.386Z] [INFO ] Resolvendo links diretos dos documentos...
[2026-04-15T17:05:03.119Z] [WARN ] [linkResolver] Nenhum link direto encontrado em: https://dfe-portal.svrs.rs.gov.br/Nfabi/Documentos
[2026-04-15T17:05:03.270Z] [WARN ] [linkResolver] Nenhum link direto encontrado em: https://dfe-portal.svrs.rs.gov.br/Nfabi/Documentos
[2026-04-15T17:05:03.270Z] [INFO ] [linkResolver] 0 resolvido(s) · 2 fallback(s) para lista
[2026-04-15T17:05:03.271Z] [INFO ] JSON salvo: /home/runner/work/TERA-LEI/TERA-LEI/curador-reforma/data/reforma_curadoria.json
[2026-04-15T17:05:03.271Z] [INFO ] 2 item(ns) → pendente-publicacao/curadoria_15-04-2026.json
[2026-04-15T17:05:03.271Z] [INFO ] Enviando notificação Telegram...
[2026-04-15T17:05:03.271Z] [INFO ] [Telegram] Enviando 1 parte(s) para chat_id 1004062605…
[2026-04-15T17:05:03.722Z] [INFO ] [Telegram] Mensagem enviada (id: 6)
[2026-04-15T17:05:03.722Z] [INFO ] ══════════════════════════════════════════════════
[2026-04-15T17:05:03.722Z] [INFO ]   Concluído: 2 item(ns) · 1/7 portais · 1 erro(s)
[2026-04-15T17:05:03.722Z] [INFO ] ══════════════════════════════════════════════════
